[dotenv@17.2.3] injecting env (2) from .env -- tip: ÔÜÖ´©Å  load multiple .env files with { path: ['.env.local', '.env'] }
Connecting to Gemini Live...
Session opened!
Closed: CloseEvent {
  Symbol(kTarget): <ref *1> WebSocket {
    _events: [Object: null prototype] {
      open: [Function],
      error: [Function],
      close: [Function],
      message: [Function]
    },
    _eventsCount: 4,
    _maxListeners: undefined,
    _binaryType: 'nodebuffer',
    _closeCode: 1008,
    _closeFrameReceived: true,
    _closeFrameSent: true,
    _closeMessage: <Buffer 59 6f 75 72 20 41 50 49 20 6b 65 79 20 77 61 73 20 72 65 70 6f 72 74 65 64 20 61 73 20 6c 65 61 6b 65 64 2e 20 50 6c 65 61 73 65 20 75 73 65 20 61 6e ... 14 more bytes>,
    _closeTimer: Timeout {
      _idleTimeout: -1,
      _idlePrev: null,
      _idleNext: null,
      _idleStart: 1550,
      _onTimeout: null,
      _timerArgs: undefined,
      _repeat: null,
      _destroyed: true,
      Symbol(refed): true,
      Symbol(kHasPrimitive): false,
      Symbol(asyncId): 26,
      Symbol(triggerId): 7,
      Symbol(kAsyncContextFrame): undefined
    },
    _errorEmitted: false,
    _extensions: {},
    _paused: false,
    _protocol: '',
    _readyState: 3,
    _receiver: Receiver {
      _events: [Object: null prototype] {},
      _writableState: [WritableState],
      _maxListeners: undefined,
      _allowSynchronousEvents: true,
      _binaryType: 'nodebuffer',
      _extensions: {},
      _isServer: false,
      _maxPayload: 104857600,
      _skipUTF8Validation: false,
      _bufferedBytes: 0,
      _buffers: [],
      _compressed: false,
      _payloadLength: 66,
      _mask: undefined,
      _fragmented: 0,
      _masked: false,
      _fin: true,
      _opcode: 8,
      _totalPayloadLength: 0,
      _messageLength: 0,
      _fragments: [],
      _errored: false,
      _loop: false,
      _state: 0,
      _eventsCount: 0,
      Symbol(shapeMode): false,
      Symbol(kCapture): false,
      Symbol(websocket): [Circular *1]
    },
    _sender: Sender {
      _extensions: {},
      _socket: [TLSSocket],
      _firstFragment: true,
      _compress: false,
      _bufferedBytes: 0,
      _queue: [],
      _state: 0,
      onerror: [Function: senderOnError],
      Symbol(websocket): [Circular *1]
    },
    _socket: TLSSocket {
      _tlsOptions: [Object],
      _secureEstablished: true,
      _securePending: false,
      _newSessionPending: false,
      _controlReleased: true,
      secureConnecting: false,
      _SNICallback: null,
      servername: 'generativelanguage.googleapis.com',
      alpnProtocol: false,
      authorized: true,
      authorizationError: null,
      encrypted: true,
      _events: [Object: null prototype],
      _eventsCount: 5,
      connecting: false,
      _hadError: false,
      _parent: null,
      _host: 'generativelanguage.googleapis.com',
      _closeAfterHandlingError: false,
      _readableState: [ReadableState],
      _writableState: [WritableState],
      allowHalfOpen: false,
      _maxListeners: undefined,
      _sockname: null,
      _pendingData: null,
      _pendingEncoding: '',
      server: undefined,
      _server: null,
      ssl: null,
      _requestCert: true,
      _rejectUnauthorized: true,
      parser: null,
      _httpMessage: null,
      autoSelectFamilyAttemptedAddresses: [Array],
      timeout: 0,
      write: [Function: writeAfterFIN],
      Symbol(alpncallback): null,
      Symbol(res): null,
      Symbol(verified): true,
      Symbol(pendingSession): null,
      Symbol(async_id_symbol): 7,
      Symbol(kHandle): null,
      Symbol(lastWriteQueueSize): 0,
      Symbol(timeout): null,
      Symbol(kBuffer): null,
      Symbol(kBufferCb): null,
      Symbol(kBufferGen): null,
      Symbol(shapeMode): true,
      Symbol(kCapture): false,
      Symbol(kSetNoDelay): true,
      Symbol(kSetKeepAlive): false,
      Symbol(kSetKeepAliveInitialDelay): 0,
      Symbol(kBytesRead): 439,
      Symbol(kBytesWritten): 753,
      Symbol(connect-options): [Object],
      Symbol(websocket): undefined
    },
    _bufferedAmount: 0,
    _isServer: false,
    _redirects: 0,
    _autoPong: true,
    _url: 'wss://generativelanguage.googleapis.com//ws/google.ai.generativelanguage.v1beta.GenerativeService.BidiGenerateContent?key=AIzaSyBivEvTpvGpZJgqlHyU3-7hQDexi7cow6s',
    _req: null,
    Symbol(shapeMode): false,
    Symbol(kCapture): false
  },
  Symbol(kType): 'close',
  Symbol(kCode): 1008,
  Symbol(kReason): 'Your API key was reported as leaked. Please use another API key.',
  Symbol(kWasClean): true
}
Sending "Hello" to model...
